[2026-05-15 19:00:01] === MONITOR USA INICIO ===
/mnt/c/dashboard/Github/scripts/monitor_usa.sh: line 144: [[: 0810: value too great for base (error token is "0810")
[2026-05-15 19:00:02] WATCHDOG: No hay datos en mercado_usa
[2026-05-15 19:00:02] WATCHDOG: Alerta — mercado_usa no actualizado
[2026-05-15 19:00:02] HEALTH: yahoo-prices edge function caída (HTTP 400)
[2026-05-15 19:00:03] === MONITOR USA FIN ===
[2026-05-15 19:05:01] === MONITOR USA INICIO ===
/mnt/c/dashboard/Github/scripts/monitor_usa.sh: line 144: [[: 0810: value too great for base (error token is "0810")
[2026-05-15 19:05:02] WATCHDOG: No hay datos en mercado_usa
[2026-05-15 19:05:02] WATCHDOG: Alerta — mercado_usa no actualizado
[2026-05-15 19:05:02] HEALTH: yahoo-prices edge function caída (HTTP 400)
[2026-05-15 19:05:03] === MONITOR USA FIN ===
[2026-05-15 19:10:01] === MONITOR USA INICIO ===
/mnt/c/dashboard/Github/scripts/monitor_usa.sh: line 144: [[: 0810: value too great for base (error token is "0810")
[2026-05-15 19:10:02] WATCHDOG: No hay datos en mercado_usa
[2026-05-15 19:10:02] WATCHDOG: Alerta — mercado_usa no actualizado
[2026-05-15 19:10:02] HEALTH: yahoo-prices edge function caída (HTTP 400)
[2026-05-15 19:10:03] === MONITOR USA FIN ===
[2026-05-15 19:15:01] === MONITOR USA INICIO ===
/mnt/c/dashboard/Github/scripts/monitor_usa.sh: line 144: [[: 0810: value too great for base (error token is "0810")
[2026-05-15 19:15:02] WATCHDOG: No hay datos en mercado_usa
[2026-05-15 19:15:02] WATCHDOG: Alerta — mercado_usa no actualizado
[2026-05-15 19:15:02] HEALTH: yahoo-prices edge function caída (HTTP 400)
[2026-05-15 19:15:03] === MONITOR USA FIN ===
[2026-05-15 19:20:01] === MONITOR USA INICIO ===
/mnt/c/dashboard/Github/scripts/monitor_usa.sh: line 144: [[: 0810: value too great for base (error token is "0810")
[2026-05-15 19:20:01] WATCHDOG: No hay datos en mercado_usa
[2026-05-15 19:20:01] WATCHDOG: Alerta — mercado_usa no actualizado
[2026-05-15 19:20:01] === MONITOR USA FIN ===
[2026-05-15 19:25:01] === MONITOR USA INICIO ===
/mnt/c/dashboard/Github/scripts/monitor_usa.sh: line 144: [[: 0810: value too great for base (error token is "0810")
[2026-05-15 19:25:03] WATCHDOG: No hay datos en mercado_usa
[2026-05-15 19:25:03] WATCHDOG: Alerta — mercado_usa no actualizado
[2026-05-15 19:25:03] === MONITOR USA FIN ===
[2026-05-15 19:30:01] === MONITOR USA INICIO ===
/mnt/c/dashboard/Github/scripts/monitor_usa.sh: line 144: [[: 0810: value too great for base (error token is "0810")
[2026-05-15 19:30:01] WATCHDOG: No hay datos en mercado_usa
[2026-05-15 19:30:01] WATCHDOG: Alerta — mercado_usa no actualizado
[2026-05-15 19:30:01] === MONITOR USA FIN ===
[2026-05-15 19:35:01] === MONITOR USA INICIO ===
/mnt/c/dashboard/Github/scripts/monitor_usa.sh: line 144: [[: 0810: value too great for base (error token is "0810")
[2026-05-15 19:35:02] WATCHDOG: No hay datos en mercado_usa
[2026-05-15 19:35:02] WATCHDOG: Alerta — mercado_usa no actualizado
[2026-05-15 19:35:02] === MONITOR USA FIN ===
[2026-05-15 19:40:01] === MONITOR USA INICIO ===
/mnt/c/dashboard/Github/scripts/monitor_usa.sh: line 144: [[: 0810: value too great for base (error token is "0810")
[2026-05-15 19:40:02] WATCHDOG: No hay datos en mercado_usa
[2026-05-15 19:40:02] WATCHDOG: Alerta — mercado_usa no actualizado
[2026-05-15 19:40:02] === MONITOR USA FIN ===
[2026-05-15 19:45:01] === MONITOR USA INICIO ===
/mnt/c/dashboard/Github/scripts/monitor_usa.sh: line 144: [[: 0810: value too great for base (error token is "0810")
[2026-05-15 19:45:02] WATCHDOG: No hay datos en mercado_usa
[2026-05-15 19:45:02] WATCHDOG: Alerta — mercado_usa no actualizado
[2026-05-15 19:45:02] === MONITOR USA FIN ===
[2026-05-15 19:50:01] === MONITOR USA INICIO ===
/mnt/c/dashboard/Github/scripts/monitor_usa.sh: line 144: [[: 0810: value too great for base (error token is "0810")
[2026-05-15 19:50:01] WATCHDOG: No hay datos en mercado_usa
[2026-05-15 19:50:01] WATCHDOG: Alerta — mercado_usa no actualizado
[2026-05-15 19:50:01] === MONITOR USA FIN ===
[2026-05-15 19:55:01] === MONITOR USA INICIO ===
/mnt/c/dashboard/Github/scripts/monitor_usa.sh: line 144: [[: 0810: value too great for base (error token is "0810")
[2026-05-15 19:55:02] WATCHDOG: No hay datos en mercado_usa
[2026-05-15 19:55:02] WATCHDOG: Alerta — mercado_usa no actualizado
[2026-05-15 19:55:02] === MONITOR USA FIN ===
[2026-05-15 20:00:01] === MONITOR USA INICIO ===
/mnt/c/dashboard/Github/scripts/monitor_usa.sh: line 144: [[: 0810: value too great for base (error token is "0810")
[2026-05-15 20:00:02] WATCHDOG: No hay datos en mercado_usa
[2026-05-15 20:00:02] WATCHDOG: Alerta — mercado_usa no actualizado
[2026-05-15 20:00:02] HEALTH: yahoo-prices edge function caída (HTTP 400)
[2026-05-15 20:00:03] === MONITOR USA FIN ===
[2026-05-15 20:05:01] === MONITOR USA INICIO ===
/mnt/c/dashboard/Github/scripts/monitor_usa.sh: line 144: [[: 0810: value too great for base (error token is "0810")
[2026-05-15 20:05:02] WATCHDOG: No hay datos en mercado_usa
[2026-05-15 20:05:02] WATCHDOG: Alerta — mercado_usa no actualizado
[2026-05-15 20:05:02] HEALTH: yahoo-prices edge function caída (HTTP 400)
[2026-05-15 20:05:03] === MONITOR USA FIN ===
[2026-05-15 20:10:01] === MONITOR USA INICIO ===
/mnt/c/dashboard/Github/scripts/monitor_usa.sh: line 144: [[: 0810: value too great for base (error token is "0810")
[2026-05-15 20:10:02] WATCHDOG: No hay datos en mercado_usa
[2026-05-15 20:10:02] WATCHDOG: Alerta — mercado_usa no actualizado
[2026-05-15 20:10:02] HEALTH: yahoo-prices edge function caída (HTTP 400)
[2026-05-15 20:10:03] === MONITOR USA FIN ===
[2026-05-15 20:15:01] === MONITOR USA INICIO ===
/mnt/c/dashboard/Github/scripts/monitor_usa.sh: line 144: [[: 0810: value too great for base (error token is "0810")
[2026-05-15 20:15:02] WATCHDOG: No hay datos en mercado_usa
[2026-05-15 20:15:02] WATCHDOG: Alerta — mercado_usa no actualizado
[2026-05-15 20:15:02] HEALTH: yahoo-prices edge function caída (HTTP 400)
[2026-05-15 20:15:03] === MONITOR USA FIN ===
[2026-05-15 20:20:01] === MONITOR USA INICIO ===
/mnt/c/dashboard/Github/scripts/monitor_usa.sh: line 144: [[: 0810: value too great for base (error token is "0810")
[2026-05-15 20:20:02] WATCHDOG: No hay datos en mercado_usa
[2026-05-15 20:20:02] WATCHDOG: Alerta — mercado_usa no actualizado
[2026-05-15 20:20:02] === MONITOR USA FIN ===
[2026-05-15 20:25:01] === MONITOR USA INICIO ===
/mnt/c/dashboard/Github/scripts/monitor_usa.sh: line 144: [[: 0810: value too great for base (error token is "0810")
[2026-05-15 20:25:02] WATCHDOG: No hay datos en mercado_usa
[2026-05-15 20:25:02] WATCHDOG: Alerta — mercado_usa no actualizado
[2026-05-15 20:25:02] === MONITOR USA FIN ===
[2026-05-15 20:30:01] === MONITOR USA INICIO ===
/mnt/c/dashboard/Github/scripts/monitor_usa.sh: line 144: [[: 0810: value too great for base (error token is "0810")
[2026-05-15 20:30:01] WATCHDOG: No hay datos en mercado_usa
[2026-05-15 20:30:01] WATCHDOG: Alerta — mercado_usa no actualizado
[2026-05-15 20:30:01] === MONITOR USA FIN ===
[2026-05-15 20:35:01] === MONITOR USA INICIO ===
/mnt/c/dashboard/Github/scripts/monitor_usa.sh: line 144: [[: 0810: value too great for base (error token is "0810")
[2026-05-15 20:35:01] SKIP: Fuera de horario USA (hora=2035, dia=5)
[2026-05-15 20:40:01] === MONITOR USA INICIO ===
/mnt/c/dashboard/Github/scripts/monitor_usa.sh: line 144: [[: 0810: value too great for base (error token is "0810")
[2026-05-15 20:40:01] SKIP: Fuera de horario USA (hora=2040, dia=5)
[2026-05-15 20:45:01] === MONITOR USA INICIO ===
/mnt/c/dashboard/Github/scripts/monitor_usa.sh: line 144: [[: 0810: value too great for base (error token is "0810")
[2026-05-15 20:45:01] SKIP: Fuera de horario USA (hora=2045, dia=5)
[2026-05-15 20:50:01] === MONITOR USA INICIO ===
/mnt/c/dashboard/Github/scripts/monitor_usa.sh: line 144: [[: 0810: value too great for base (error token is "0810")
[2026-05-15 20:50:01] SKIP: Fuera de horario USA (hora=2050, dia=5)
[2026-05-15 20:55:01] === MONITOR USA INICIO ===
/mnt/c/dashboard/Github/scripts/monitor_usa.sh: line 144: [[: 0810: value too great for base (error token is "0810")
[2026-05-15 20:55:01] SKIP: Fuera de horario USA (hora=2055, dia=5)
